// Jest Snapshot v1, https://goo.gl/fbAQLP

exports[`<User /> renders User 1`] = `
<div
  className="user"
>
  <div
    className="user-info"
  >
    <img
      alt="profile"
      className="user-img"
      src="https://www.bsn.eu/wp-content/uploads/2016/12/user-icon-image-placeholder-300-grey.jpg"
      width="50"
    />
    <div
      className="user-details"
    >
      <h2
        className="user-name"
      >
        
      </h2>
      <span
        className="user-id"
      >
        
      </span>
    </div>
  </div>
  <button
    className="user-repos-btn"
    onClick={[Function]}
  >
     
    view repos
     
  </button>
</div>
`;
